// Jest Snapshot v1, https://goo.gl/fbAQLP

exports[`should render expense item with provided expense object 1`] = `
<div>
  <h3>
    <Link
      replace={false}
      to="/edit/1"
    >
      Gum
    </Link>
  </h3>
  <p>
    Amount: 
    195
     Created At: 
    Sun Dec 28 1969 02:00:00 GMT+0200 (Jerusalem Standard Time)
  </p>
</div>
`;
